[WARN ] 2026-01-30 01:57:14.888 [main] AnnotationConfigApplicationContext - Exception encountered during context initialization - cancelling refresh attempt: org.springframework.beans.factory.parsing.BeanDefinitionParsingException: Configuration problem: @Configuration class 'AppConfig' may not be final. Remove the final modifier to continue.
Offending resource: org.hotel.app.AppConfig
[INFO ] 2026-01-30 02:00:50.554 [main] MainMenuController - Начало выполнения программы
[INFO ] 2026-01-30 02:01:02.732 [main] GuestController - Начало выполнения метода addRoom
[INFO ] 2026-01-30 02:01:05.091 [main] Version - HHH000412: Hibernate ORM core version 6.4.0.Final
[INFO ] 2026-01-30 02:01:05.565 [main] RegionFactoryInitiator - HHH000026: Second-level cache disabled
[WARN ] 2026-01-30 02:01:05.806 [main] pooling - HHH10001002: Using built-in connection pool (not intended for production use)
[INFO ] 2026-01-30 02:01:05.811 [main] pooling - HHH10001005: Loaded JDBC driver class: org.postgresql.Driver
[INFO ] 2026-01-30 02:01:05.812 [main] pooling - HHH10001012: Connecting with JDBC URL [jdbc:postgresql://localhost:5432/hotel_db]
[INFO ] 2026-01-30 02:01:05.812 [main] pooling - HHH10001001: Connection properties: {user=postgres, password=****}
[INFO ] 2026-01-30 02:01:05.812 [main] pooling - HHH10001003: Autocommit mode: false
[INFO ] 2026-01-30 02:01:05.816 [main] pooling - HHH10001115: Connection pool size: 20 (min=1)
[WARN ] 2026-01-30 02:01:06.219 [main] deprecation - HHH90000025: PostgreSQLDialect does not need to be specified explicitly using 'hibernate.dialect' (remove the property setting and it will be selected by default)
[INFO ] 2026-01-30 02:01:07.845 [main] JtaPlatformInitiator - HHH000489: No JTA platform available (set 'hibernate.transaction.jta.platform' to enable JTA platform integration)
[INFO ] 2026-01-30 02:01:07.890 [main] access - HHH10001501: Connection obtained from JdbcConnectionAccess [org.hibernate.engine.jdbc.env.internal.JdbcEnvironmentInitiator$ConnectionProviderJdbcConnectionAccess@74f4a2ba] for (non-JTA) DDL execution was not in auto-commit mode; the Connection 'local transaction' will be committed and the Connection will be set into auto-commit mode.
[ERROR] 2026-01-30 02:01:08.168 [main] GuestController - Ошибка при выполнении метода addRoom: Комната с таким id уже есть.
[INFO ] 2026-01-30 02:01:12.900 [main] GuestController - Начало выполнения метода setAvailable
[ERROR] 2026-01-30 02:01:14.124 [main] GuestController - Ошибка при выполнении метода setAvailable: Сначала нужно выселить гостя.
[INFO ] 2026-01-30 02:01:20.762 [main] GuestController - Начало выполнения метода showAllRooms
[INFO ] 2026-01-30 02:01:21.478 [main] GuestController - Метод showAllRooms успешно завершил работу
[INFO ] 2026-01-30 02:01:25.593 [main] GuestController - Начало выполнения метода setOccupied
[INFO ] 2026-01-30 02:01:27.776 [main] GuestController - Метод setOccupied успешно завершил работу
[INFO ] 2026-01-30 02:01:33.951 [main] GuestController - Начало выполнения метода setAvailable
[INFO ] 2026-01-30 02:01:36.905 [main] GuestController - Метод setAvailable успешно завершил работу
[INFO ] 2026-01-30 02:01:39.327 [main] GuestController - Начало выполнения метода setInService
[INFO ] 2026-01-30 02:01:42.283 [main] GuestController - Метод setInService успешно завершил работу
[INFO ] 2026-01-30 02:01:42.284 [main] GuestController - Метод setInService успешно завершил работу
[INFO ] 2026-01-30 02:01:44.602 [main] GuestController - Начало выполнения метода setOccupied
[ERROR] 2026-01-30 02:01:46.596 [main] GuestController - Ошибка при выполнении метода setOccupied: Сначала нужно закончить обслуживание номера.
[INFO ] 2026-01-30 02:01:51.203 [main] GuestController - Начало выполнения метода setAvailable
[ERROR] 2026-01-30 02:01:52.198 [main] GuestController - Ошибка при выполнении метода setAvailable: Сначала нужно выселить гостя.
[INFO ] 2026-01-30 02:01:56.356 [main] GuestController - Начало выполнения метода setAvailable
[INFO ] 2026-01-30 02:01:56.868 [main] GuestController - Метод setAvailable успешно завершил работу
[INFO ] 2026-01-30 02:02:03.315 [main] GuestController - Начало выполнения метода addRoom
[ERROR] 2026-01-30 02:02:06.266 [main] GuestController - Ошибка при выполнении метода addRoom: Комната с таким id уже есть.
[INFO ] 2026-01-30 02:02:11.626 [main] GuestController - Начало выполнения метода addRoom
[INFO ] 2026-01-30 02:02:20.129 [main] GuestController - Метод addRoom успешно завершил работу
[INFO ] 2026-01-30 02:02:22.764 [main] GuestController - Начало выполнения метода showAllRooms
[INFO ] 2026-01-30 02:02:23.090 [main] GuestController - Метод showAllRooms успешно завершил работу
[INFO ] 2026-01-30 02:02:30.019 [main] GuestController - Начало выполнения метода changeRoomPrice
[INFO ] 2026-01-30 02:02:32.039 [main] GuestController - Метод changeRoomPrice успешно завершил работу
[INFO ] 2026-01-30 02:02:33.061 [main] GuestController - Начало выполнения метода showAllRooms
[INFO ] 2026-01-30 02:02:33.324 [main] GuestController - Метод showAllRooms успешно завершил работу
[INFO ] 2026-01-30 02:02:36.938 [main] GuestController - Начало выполнения метода showAllFreeRooms
[INFO ] 2026-01-30 02:02:37.447 [main] GuestController - Метод showAllFreeRooms успешно завершил работу
[INFO ] 2026-01-30 02:02:39.985 [main] GuestController - Начало выполнения метода getFreeRoomsCount
[INFO ] 2026-01-30 02:02:39.989 [main] GuestController - Метод getFreeRoomsCount успешно завершил работу
[INFO ] 2026-01-30 02:02:43.171 [main] GuestController - Начало выполнения метода showFreeRoomsByDate
[INFO ] 2026-01-30 02:02:44.223 [main] GuestController - Метод showFreeRoomsByDate успешно завершил работу
[INFO ] 2026-01-30 02:02:45.371 [main] GuestController - Начало выполнения метода showFreeRoomsByDate
[INFO ] 2026-01-30 02:02:46.169 [main] GuestController - Метод showFreeRoomsByDate успешно завершил работу
[INFO ] 2026-01-30 02:02:49.331 [main] GuestController - Начало выполнения метода getRoomDetails
[INFO ] 2026-01-30 02:02:50.011 [main] GuestController - Метод getRoomDetails успешно завершил работу
[INFO ] 2026-01-30 02:02:52.247 [main] GuestController - Начало выполнения метода getRoomDetails
[INFO ] 2026-01-30 02:02:52.834 [main] GuestController - Метод getRoomDetails успешно завершил работу
[INFO ] 2026-01-30 02:02:56.397 [main] GuestController - Начало выполнения метода settle
[INFO ] 2026-01-30 02:03:05.625 [main] GuestController - Метод settle успешно завершил работу
[INFO ] 2026-01-30 02:03:06.878 [main] GuestController - Начало выполнения метода showAllRooms
[INFO ] 2026-01-30 02:03:07.169 [main] GuestController - Метод showAllRooms успешно завершил работу
[INFO ] 2026-01-30 02:03:14.033 [main] GuestController - Начало выполнения метода evict
[INFO ] 2026-01-30 02:03:16.400 [main] GuestController - Метод evict успешно завершил работу
[INFO ] 2026-01-30 02:03:19.374 [main] GuestController - Начало выполнения метода settle
[ERROR] 2026-01-30 02:03:21.554 [main] GuestController - Ошибка при выполнении метода settle: Комнаты с таким id нет.
[INFO ] 2026-01-30 02:03:23.666 [main] GuestController - Начало выполнения метода evict
[ERROR] 2026-01-30 02:03:25.229 [main] GuestController - Ошибка при выполнении метода evict: Комнаты с таким id нет.
[INFO ] 2026-01-30 02:03:26.417 [main] GuestController - Начало выполнения метода evict
[INFO ] 2026-01-30 02:03:27.484 [main] GuestController - Метод evict успешно завершил работу
[INFO ] 2026-01-30 02:03:30.630 [main] GuestController - Начало выполнения метода showAllRooms
[INFO ] 2026-01-30 02:03:30.877 [main] GuestController - Метод showAllRooms успешно завершил работу
[INFO ] 2026-01-30 02:03:33.988 [main] GuestController - Начало выполнения метода getThreePrevGuests
[INFO ] 2026-01-30 02:03:34.514 [main] GuestController - Метод getThreePrevGuests успешно завершил работу
[INFO ] 2026-01-30 02:03:45.751 [main] GuestController - Начало выполнения метода showServices
[INFO ] 2026-01-30 02:03:46.078 [main] GuestController - Метод showServices успешно завершил работу
[INFO ] 2026-01-30 02:03:47.780 [main] GuestController - Начало выполнения метода addService
[INFO ] 2026-01-30 02:03:56.571 [main] GuestController - Метод addService успешно завершил работу
[INFO ] 2026-01-30 02:03:58.552 [main] GuestController - Начало выполнения метода showServices
[INFO ] 2026-01-30 02:03:58.864 [main] GuestController - Метод showServices успешно завершил работу
[INFO ] 2026-01-30 02:04:00.983 [main] GuestController - Начало выполнения метода changeServicePrice
[INFO ] 2026-01-30 02:04:03.730 [main] GuestController - Метод changeServicePrice успешно завершил работу
[INFO ] 2026-01-30 02:04:04.511 [main] GuestController - Начало выполнения метода showServices
[INFO ] 2026-01-30 02:04:04.898 [main] GuestController - Метод showServices успешно завершил работу
[INFO ] 2026-01-30 02:04:10.348 [main] GuestController - Начало выполнения метода showCatalog
[INFO ] 2026-01-30 02:04:10.833 [main] GuestController - Метод showCatalog успешно завершил работу
[INFO ] 2026-01-30 02:04:16.414 [main] GuestController - Начало выполнения метода showGuests
[INFO ] 2026-01-30 02:04:18.106 [main] GuestController - Метод showGuests успешно завершил работу
[INFO ] 2026-01-30 02:04:20.757 [main] GuestController - Начало выполнения метода getGuestsCount
[INFO ] 2026-01-30 02:04:20.761 [main] GuestController - Метод getGuestsCount успешно завершил работу
[INFO ] 2026-01-30 02:04:22.515 [main] GuestController - Начало выполнения метода getTotalCost
[INFO ] 2026-01-30 02:04:26.504 [main] GuestController - Метод getTotalCost успешно завершил работу
[INFO ] 2026-01-30 02:04:32.479 [main] GuestController - Начало выполнения метода useService
[INFO ] 2026-01-30 02:04:40.348 [main] GuestController - Метод useService успешно завершил работу
[INFO ] 2026-01-30 02:04:43.806 [main] GuestController - Начало выполнения метода useService
[INFO ] 2026-01-30 02:04:45.525 [main] GuestController - Метод useService успешно завершил работу
[INFO ] 2026-01-30 02:04:48.235 [main] GuestController - Начало выполнения метода showServicesUsedByGuest
[INFO ] 2026-01-30 02:04:52.319 [main] GuestController - Метод showServicesUsedByGuest успешно завершил работу
[INFO ] 2026-01-30 02:04:54.901 [main] MainMenuController - Программа успешно завершила работу
[INFO ] 2026-01-30 02:05:01.702 [main] MainMenuController - Начало выполнения программы
[INFO ] 2026-01-30 02:05:02.726 [main] GuestController - Начало выполнения метода showAllRooms
[INFO ] 2026-01-30 02:05:03.821 [main] Version - HHH000412: Hibernate ORM core version 6.4.0.Final
[INFO ] 2026-01-30 02:05:04.197 [main] RegionFactoryInitiator - HHH000026: Second-level cache disabled
[WARN ] 2026-01-30 02:05:04.398 [main] pooling - HHH10001002: Using built-in connection pool (not intended for production use)
[INFO ] 2026-01-30 02:05:04.402 [main] pooling - HHH10001005: Loaded JDBC driver class: org.postgresql.Driver
[INFO ] 2026-01-30 02:05:04.402 [main] pooling - HHH10001012: Connecting with JDBC URL [jdbc:postgresql://localhost:5432/hotel_db]
[INFO ] 2026-01-30 02:05:04.402 [main] pooling - HHH10001001: Connection properties: {user=postgres, password=****}
[INFO ] 2026-01-30 02:05:04.402 [main] pooling - HHH10001003: Autocommit mode: false
[INFO ] 2026-01-30 02:05:04.406 [main] pooling - HHH10001115: Connection pool size: 20 (min=1)
[WARN ] 2026-01-30 02:05:04.803 [main] deprecation - HHH90000025: PostgreSQLDialect does not need to be specified explicitly using 'hibernate.dialect' (remove the property setting and it will be selected by default)
[INFO ] 2026-01-30 02:05:06.128 [main] JtaPlatformInitiator - HHH000489: No JTA platform available (set 'hibernate.transaction.jta.platform' to enable JTA platform integration)
[INFO ] 2026-01-30 02:05:06.154 [main] access - HHH10001501: Connection obtained from JdbcConnectionAccess [org.hibernate.engine.jdbc.env.internal.JdbcEnvironmentInitiator$ConnectionProviderJdbcConnectionAccess@74f4a2ba] for (non-JTA) DDL execution was not in auto-commit mode; the Connection 'local transaction' will be committed and the Connection will be set into auto-commit mode.
[INFO ] 2026-01-30 02:05:06.635 [main] GuestController - Метод showAllRooms успешно завершил работу
[INFO ] 2026-01-30 02:05:08.866 [main] MainMenuController - Программа успешно завершила работу
